// Jest Snapshot v1, https://goo.gl/fbAQLP

exports[`The InputNumberForm component renders without crashing 1`] = `
<View
  style={
    {
      "alignItems": "center",
      "backgroundColor": "#ffffff",
      "flexDirection": "row",
      "paddingRight": 6,
    }
  }
>
  <View
    style={
      {
        "flex": 1,
        "flexDirection": "row",
        "minWidth": 0,
      }
    }
  >
    <TextInput
      autoCapitalize="none"
      editable={false}
      keyboardType="numeric"
      maxLength={1}
      onChangeText={[Function]}
      placeholder=""
      style={
        {
          "borderRadius": 5,
          "borderWidth": 2,
          "flex": 1,
          "fontSize": 20,
          "margin": 6,
          "minWidth": 0,
          "padding": 6,
          "textAlign": "center",
        }
      }
      testID="input-number-0"
      value=""
    />
    <TextInput
      autoCapitalize="none"
      editable={false}
      keyboardType="numeric"
      maxLength={1}
      onChangeText={[Function]}
      placeholder=""
      style={
        {
          "borderRadius": 5,
          "borderWidth": 2,
          "flex": 1,
          "fontSize": 20,
          "margin": 6,
          "minWidth": 0,
          "padding": 6,
          "textAlign": "center",
        }
      }
      testID="input-number-1"
      value=""
    />
    <TextInput
      autoCapitalize="none"
      editable={false}
      keyboardType="numeric"
      maxLength={1}
      onChangeText={[Function]}
      placeholder=""
      style={
        {
          "borderRadius": 5,
          "borderWidth": 2,
          "flex": 1,
          "fontSize": 20,
          "margin": 6,
          "minWidth": 0,
          "padding": 6,
          "textAlign": "center",
        }
      }
      testID="input-number-2"
      value=""
    />
    <TextInput
      autoCapitalize="none"
      editable={false}
      keyboardType="numeric"
      maxLength={1}
      onChangeText={[Function]}
      placeholder=""
      style={
        {
          "borderRadius": 5,
          "borderWidth": 2,
          "flex": 1,
          "fontSize": 20,
          "margin": 6,
          "minWidth": 0,
          "padding": 6,
          "textAlign": "center",
        }
      }
      testID="input-number-3"
      value=""
    />
  </View>
  <View
    accessibilityRole="button"
    accessibilityState={
      {
        "busy": undefined,
        "checked": undefined,
        "disabled": true,
        "expanded": undefined,
        "selected": undefined,
      }
    }
    accessibilityValue={
      {
        "max": undefined,
        "min": undefined,
        "now": undefined,
        "text": undefined,
      }
    }
    accessible={true}
    collapsable={false}
    focusable={false}
    onClick={[Function]}
    onResponderGrant={[Function]}
    onResponderMove={[Function]}
    onResponderRelease={[Function]}
    onResponderTerminate={[Function]}
    onResponderTerminationRequest={[Function]}
    onStartShouldSetResponder={[Function]}
    style={
      {
        "opacity": 1,
      }
    }
  >
    <View
      style={
        [
          {},
          {},
        ]
      }
    >
      <Text
        disabled={true}
        style={
          [
            {
              "color": "#007AFF",
              "fontSize": 18,
              "margin": 8,
              "textAlign": "center",
            },
            {
              "color": "#cdcdcd",
            },
          ]
        }
      >
        Guess
      </Text>
    </View>
  </View>
</View>
`;
